Deleting D:\Trading\STR\charts\Renko1D\ACS.MC.png 
Deleting D:\Trading\STR\charts\Renko1D\ACX.MC.png 
Deleting D:\Trading\STR\charts\Renko1D\AENA.MC.png 
Deleting D:\Trading\STR\charts\Renko1D\AMP.MC.png 
Deleting D:\Trading\STR\charts\Renko1D\AMS.MC.png 
Deleting D:\Trading\STR\charts\Renko1D\ANA.MC.png 
Deleting D:\Trading\STR\charts\Renko1D\ANE.MC.png 
Deleting D:\Trading\STR\charts\Renko1D\ART.MC.png 
Deleting D:\Trading\STR\charts\Renko1D\BBVA.MC.png 
Deleting D:\Trading\STR\charts\Renko1D\BKT.MC.png 
Deleting D:\Trading\STR\charts\Renko1D\CABK.MC.png 
Deleting D:\Trading\STR\charts\Renko1D\CAF.MC.png 
Deleting D:\Trading\STR\charts\Renko1D\CIE.MC.png 
Deleting D:\Trading\STR\charts\Renko1D\CLNX.MC.png 
Deleting D:\Trading\STR\charts\Renko1D\CLR.MC.png 
Deleting D:\Trading\STR\charts\Renko1D\COL.MC.png 
Deleting D:\Trading\STR\charts\Renko1D\DIA.MC.png 
Deleting D:\Trading\STR\charts\Renko1D\EAT.MC.png 
Deleting D:\Trading\STR\charts\Renko1D\EBRO.MC.png 
Deleting D:\Trading\STR\charts\Renko1D\ELE.MC.png 
Deleting D:\Trading\STR\charts\Renko1D\ENC.MC.png 
Deleting D:\Trading\STR\charts\Renko1D\ENG.MC.png 
Deleting D:\Trading\STR\charts\Renko1D\ENO.MC.png 
Deleting D:\Trading\STR\charts\Renko1D\FDR.MC.png 
Deleting D:\Trading\STR\charts\Renko1D\FER.MC.png 
Deleting D:\Trading\STR\charts\Renko1D\GRF.MC.png 
Deleting D:\Trading\STR\charts\Renko1D\HBX.MC.png 
Deleting D:\Trading\STR\charts\Renko1D\IAG.MC.png 
Deleting D:\Trading\STR\charts\Renko1D\IBE.MC.png 
Deleting D:\Trading\STR\charts\Renko1D\IDR.MC.png 
Deleting D:\Trading\STR\charts\Renko1D\ITX.MC.png 
Deleting D:\Trading\STR\charts\Renko1D\IZER.MC.png 
Deleting D:\Trading\STR\charts\Renko1D\LLYC.MC.png 
Deleting D:\Trading\STR\charts\Renko1D\LOG.MC.png 
Deleting D:\Trading\STR\charts\Renko1D\LYXIB.MC.png 
Deleting D:\Trading\STR\charts\Renko1D\MAKS.MC.png 
Deleting D:\Trading\STR\charts\Renko1D\MAP.MC.png 
Deleting D:\Trading\STR\charts\Renko1D\MEL.MC.png 
Deleting D:\Trading\STR\charts\Renko1D\MRL.MC.png 
Deleting D:\Trading\STR\charts\Renko1D\MTS.MC.png 
Deleting D:\Trading\STR\charts\Renko1D\NTGY.MC.png 
Deleting D:\Trading\STR\charts\Renko1D\OHLA.MC.png 
Deleting D:\Trading\STR\charts\Renko1D\RED.MC.png 
Deleting D:\Trading\STR\charts\Renko1D\REP.MC.png 
Deleting D:\Trading\STR\charts\Renko1D\ROVI.MC.png 
Deleting D:\Trading\STR\charts\Renko1D\SAB.MC.png 
Deleting D:\Trading\STR\charts\Renko1D\SAN.MC.png 
Deleting D:\Trading\STR\charts\Renko1D\SCYR.MC.png 
Deleting D:\Trading\STR\charts\Renko1D\SLR.MC.png 
Deleting D:\Trading\STR\charts\Renko1D\TEF.MC.png 
Deleting D:\Trading\STR\charts\Renko1D\TUB.MC.png 
Deleting D:\Trading\STR\charts\Renko1D\UNI.MC.png 
Deleting D:\Trading\STR\charts\Renko1D\VIS.MC.png 
Deleting D:\Trading\STR\charts\Renko1D\VYT.MC.png 
Deleting D:\Trading\STR\charts\Renko1D25\ACS.MC.png 
Deleting D:\Trading\STR\charts\Renko1D25\ACX.MC.png 
Deleting D:\Trading\STR\charts\Renko1D25\AENA.MC.png 
Deleting D:\Trading\STR\charts\Renko1D25\AMP.MC.png 
Deleting D:\Trading\STR\charts\Renko1D25\AMS.MC.png 
Deleting D:\Trading\STR\charts\Renko1D25\ANA.MC.png 
Deleting D:\Trading\STR\charts\Renko1D25\ANE.MC.png 
Deleting D:\Trading\STR\charts\Renko1D25\ART.MC.png 
Deleting D:\Trading\STR\charts\Renko1D25\BBVA.MC.png 
Deleting D:\Trading\STR\charts\Renko1D25\BKT.MC.png 
Deleting D:\Trading\STR\charts\Renko1D25\CABK.MC.png 
Deleting D:\Trading\STR\charts\Renko1D25\CAF.MC.png 
Deleting D:\Trading\STR\charts\Renko1D25\CIE.MC.png 
Deleting D:\Trading\STR\charts\Renko1D25\CLNX.MC.png 
Deleting D:\Trading\STR\charts\Renko1D25\CLR.MC.png 
Deleting D:\Trading\STR\charts\Renko1D25\COL.MC.png 
Deleting D:\Trading\STR\charts\Renko1D25\DIA.MC.png 
Deleting D:\Trading\STR\charts\Renko1D25\EAT.MC.png 
Deleting D:\Trading\STR\charts\Renko1D25\EBRO.MC.png 
Deleting D:\Trading\STR\charts\Renko1D25\ELE.MC.png 
Deleting D:\Trading\STR\charts\Renko1D25\ENC.MC.png 
Deleting D:\Trading\STR\charts\Renko1D25\ENG.MC.png 
Deleting D:\Trading\STR\charts\Renko1D25\ENO.MC.png 
Deleting D:\Trading\STR\charts\Renko1D25\FDR.MC.png 
Deleting D:\Trading\STR\charts\Renko1D25\FER.MC.png 
Deleting D:\Trading\STR\charts\Renko1D25\GRF.MC.png 
Deleting D:\Trading\STR\charts\Renko1D25\HBX.MC.png 
Deleting D:\Trading\STR\charts\Renko1D25\IAG.MC.png 
Deleting D:\Trading\STR\charts\Renko1D25\IBE.MC.png 
Deleting D:\Trading\STR\charts\Renko1D25\IDR.MC.png 
Deleting D:\Trading\STR\charts\Renko1D25\ITX.MC.png 
Deleting D:\Trading\STR\charts\Renko1D25\IZER.MC.png 
Deleting D:\Trading\STR\charts\Renko1D25\LLYC.MC.png 
Deleting D:\Trading\STR\charts\Renko1D25\LOG.MC.png 
Deleting D:\Trading\STR\charts\Renko1D25\LYXIB.MC.png 
Deleting D:\Trading\STR\charts\Renko1D25\MAKS.MC.png 
Deleting D:\Trading\STR\charts\Renko1D25\MAP.MC.png 
Deleting D:\Trading\STR\charts\Renko1D25\MEL.MC.png 
Deleting D:\Trading\STR\charts\Renko1D25\MRL.MC.png 
Deleting D:\Trading\STR\charts\Renko1D25\MTS.MC.png 
Deleting D:\Trading\STR\charts\Renko1D25\NTGY.MC.png 
Deleting D:\Trading\STR\charts\Renko1D25\OHLA.MC.png 
Deleting D:\Trading\STR\charts\Renko1D25\RED.MC.png 
Deleting D:\Trading\STR\charts\Renko1D25\REP.MC.png 
Deleting D:\Trading\STR\charts\Renko1D25\ROVI.MC.png 
Deleting D:\Trading\STR\charts\Renko1D25\SAB.MC.png 
Deleting D:\Trading\STR\charts\Renko1D25\SAN.MC.png 
Deleting D:\Trading\STR\charts\Renko1D25\SCYR.MC.png 
Deleting D:\Trading\STR\charts\Renko1D25\SLR.MC.png 
Deleting D:\Trading\STR\charts\Renko1D25\TEF.MC.png 
Deleting D:\Trading\STR\charts\Renko1D25\TUB.MC.png 
Deleting D:\Trading\STR\charts\Renko1D25\UNI.MC.png 
Deleting D:\Trading\STR\charts\Renko1D25\VIS.MC.png 
Deleting D:\Trading\STR\charts\Renko1D25\VYT.MC.png 
Deleting D:\Trading\STR\charts\Renko1D50\ACS.MC.png 
Deleting D:\Trading\STR\charts\Renko1D50\ACX.MC.png 
Deleting D:\Trading\STR\charts\Renko1D50\AENA.MC.png 
Deleting D:\Trading\STR\charts\Renko1D50\AMP.MC.png 
Deleting D:\Trading\STR\charts\Renko1D50\AMS.MC.png 
Deleting D:\Trading\STR\charts\Renko1D50\ANA.MC.png 
Deleting D:\Trading\STR\charts\Renko1D50\ANE.MC.png 
Deleting D:\Trading\STR\charts\Renko1D50\ART.MC.png 
Deleting D:\Trading\STR\charts\Renko1D50\BBVA.MC.png 
Deleting D:\Trading\STR\charts\Renko1D50\BKT.MC.png 
Deleting D:\Trading\STR\charts\Renko1D50\CABK.MC.png 
Deleting D:\Trading\STR\charts\Renko1D50\CAF.MC.png 
Deleting D:\Trading\STR\charts\Renko1D50\CIE.MC.png 
Deleting D:\Trading\STR\charts\Renko1D50\CLNX.MC.png 
Deleting D:\Trading\STR\charts\Renko1D50\CLR.MC.png 
Deleting D:\Trading\STR\charts\Renko1D50\COL.MC.png 
Deleting D:\Trading\STR\charts\Renko1D50\DIA.MC.png 
Deleting D:\Trading\STR\charts\Renko1D50\EAT.MC.png 
Deleting D:\Trading\STR\charts\Renko1D50\EBRO.MC.png 
Deleting D:\Trading\STR\charts\Renko1D50\ELE.MC.png 
Deleting D:\Trading\STR\charts\Renko1D50\ENC.MC.png 
Deleting D:\Trading\STR\charts\Renko1D50\ENG.MC.png 
Deleting D:\Trading\STR\charts\Renko1D50\ENO.MC.png 
Deleting D:\Trading\STR\charts\Renko1D50\FDR.MC.png 
Deleting D:\Trading\STR\charts\Renko1D50\FER.MC.png 
Deleting D:\Trading\STR\charts\Renko1D50\GRF.MC.png 
Deleting D:\Trading\STR\charts\Renko1D50\HBX.MC.png 
Deleting D:\Trading\STR\charts\Renko1D50\IAG.MC.png 
Deleting D:\Trading\STR\charts\Renko1D50\IBE.MC.png 
Deleting D:\Trading\STR\charts\Renko1D50\IDR.MC.png 
Deleting D:\Trading\STR\charts\Renko1D50\ITX.MC.png 
Deleting D:\Trading\STR\charts\Renko1D50\IZER.MC.png 
Deleting D:\Trading\STR\charts\Renko1D50\LLYC.MC.png 
Deleting D:\Trading\STR\charts\Renko1D50\LOG.MC.png 
Deleting D:\Trading\STR\charts\Renko1D50\LYXIB.MC.png 
Deleting D:\Trading\STR\charts\Renko1D50\MAKS.MC.png 
Deleting D:\Trading\STR\charts\Renko1D50\MAP.MC.png 
Deleting D:\Trading\STR\charts\Renko1D50\MEL.MC.png 
Deleting D:\Trading\STR\charts\Renko1D50\MRL.MC.png 
Deleting D:\Trading\STR\charts\Renko1D50\MTS.MC.png 
Deleting D:\Trading\STR\charts\Renko1D50\NTGY.MC.png 
Deleting D:\Trading\STR\charts\Renko1D50\OHLA.MC.png 
Deleting D:\Trading\STR\charts\Renko1D50\RED.MC.png 
Deleting D:\Trading\STR\charts\Renko1D50\REP.MC.png 
Deleting D:\Trading\STR\charts\Renko1D50\ROVI.MC.png 
Deleting D:\Trading\STR\charts\Renko1D50\SAB.MC.png 
Deleting D:\Trading\STR\charts\Renko1D50\SAN.MC.png 
Deleting D:\Trading\STR\charts\Renko1D50\SCYR.MC.png 
Deleting D:\Trading\STR\charts\Renko1D50\SLR.MC.png 
Deleting D:\Trading\STR\charts\Renko1D50\TEF.MC.png 
Deleting D:\Trading\STR\charts\Renko1D50\TUB.MC.png 
Deleting D:\Trading\STR\charts\Renko1D50\UNI.MC.png 
Deleting D:\Trading\STR\charts\Renko1D50\VIS.MC.png 
Deleting D:\Trading\STR\charts\Renko1D50\VYT.MC.png 
